2026-05-30 16:20:25, MOVE, v:1, k:ed@wordsearch, mode:DOWN
2026-05-30 16:20:25, MOVE, v:1, k:ed@wordsearch, mode:EDIT
2026-05-30 16:20:25, MOVE, v:1, k:ed@wordsearch, mode:EDIT
2026-05-30 16:20:25, MOVE, v:1, k:ed@wordsearch, mode:EDIT
2026-05-30 16:20:25, MOVE, v:1, k:ed@wordsearch, mode:EDIT
2026-05-30 16:37:50, MOVE, v:1, k:ed@wordsearch, mode:EDIT
2026-05-30 16:42:50, MOVE, v:1, k:ed@wordsearch, mode:EDIT
2026-05-30 16:45:32, MOVE, v:1, k:ed@wordsearch, mode:PICK
2026-05-30 16:45:36, EXEC, v:1, k:ed@wordsearch, mode:FULL, rate:25, size:75
2026-05-30 16:47:35, MOVE, v:1, k:ed@wordsearch, mode:EDIT
2026-05-30 16:45:36, MOVE, v:1, k:ed@wordsearch, mode:EDIT
2026-05-30 16:48:34, MOVE, v:1, k:ed@wordsearch, mode:EDIT
2026-05-30 17:02:49, EXEC, v:1, k:ed@wordsearch, mode:FULL, rate:75, size:83
2026-05-30 17:02:48, MOVE, v:1, k:ed@wordsearch, mode:EDIT
2026-05-30 17:02:49, MOVE, v:1, k:ed@wordsearch, mode:EDIT
2026-05-30 17:04:16, EXEC, v:1, k:ed@wordsearch, mode:FULL, size:84, fail:COMP
2026-05-30 17:04:37, EXEC, v:1, k:ed@wordsearch, mode:FULL, rate:100, size:84
2026-05-30 17:05:06, MOVE, v:1, k:ed@wordsearch, mode:BACK
2026-05-30 17:05:45, SELF, v:1, k:ed@wordsearch, self:1, rate:100, study:40, concept:1, problem:1
2026-05-30 17:08:48, SELF, v:1, k:ed@editorint, self:1, rate:100, study:140, concept:1, refactor:1
