2026-06-02 19:05:54, MOVE, v:1, k:ed@chaves, mode:DOWN
2026-06-02 19:06:02, MOVE, v:1, k:ed@chaves, mode:PICK
2026-06-02 19:05:54, MOVE, v:1, k:ed@chaves, mode:EDIT
2026-06-02 19:05:54, MOVE, v:1, k:ed@chaves, mode:EDIT
2026-06-02 19:05:54, MOVE, v:1, k:ed@chaves, mode:EDIT
2026-06-02 19:05:54, MOVE, v:1, k:ed@chaves, mode:EDIT
2026-06-02 19:08:02, MOVE, v:1, k:ed@chaves, mode:EDIT
2026-06-02 19:26:54, MOVE, v:1, k:ed@chaves, mode:EDIT
2026-06-02 19:31:42, EXEC, v:1, k:ed@chaves, mode:FULL, size:65, fail:COMP
2026-06-02 19:31:33, MOVE, v:1, k:ed@chaves, mode:EDIT
2026-06-02 19:34:21, MOVE, v:1, k:ed@chaves, mode:EDIT
2026-06-02 19:37:14, EXEC, v:1, k:ed@chaves, mode:FULL, rate:100, size:71
2026-06-02 19:37:32, MOVE, v:1, k:ed@chaves, mode:BACK
2026-06-02 19:37:59, SELF, v:1, k:ed@chaves, self:1, rate:100, study:30, concept:1, problem:1
2026-06-02 19:37:14, MOVE, v:1, k:ed@chaves, mode:EDIT
2026-06-02 19:43:01, MOVE, v:1, k:ed@queimando, mode:DOWN
2026-06-02 19:43:01, MOVE, v:1, k:ed@queimando, mode:EDIT
2026-06-02 19:43:01, MOVE, v:1, k:ed@queimando, mode:EDIT
2026-06-02 19:43:01, MOVE, v:1, k:ed@queimando, mode:EDIT
2026-06-02 19:45:10, MOVE, v:1, k:ed@queimando, mode:EDIT
2026-06-02 19:56:49, MOVE, v:1, k:ed@queimando, mode:EDIT
2026-06-02 19:58:39, MOVE, v:1, k:ed@queimando, mode:EDIT
2026-06-02 20:03:12, MOVE, v:1, k:ed@queimando, mode:EDIT
2026-06-02 20:11:57, MOVE, v:1, k:ed@queimando, mode:EDIT
2026-06-02 20:12:46, MOVE, v:1, k:ed@queimando, mode:PICK
2026-06-02 20:12:49, EXEC, v:1, k:ed@queimando, mode:FULL, rate:20, size:111
2026-06-02 20:13:23, EXEC, v:1, k:ed@queimando, mode:FULL, rate:100, size:111
2026-06-02 20:13:32, MOVE, v:1, k:ed@queimando, mode:BACK
2026-06-02 20:14:26, SELF, v:1, k:ed@queimando, self:1, rate:100, study:30, concept:1, problem:1
2026-06-02 20:13:23, MOVE, v:1, k:ed@queimando, mode:EDIT
2026-06-02 20:13:21, MOVE, v:1, k:ed@queimando, mode:EDIT
