2026-04-29 11:24:53, MOVE, v:1, k:ed@lista_d1, mode:DOWN
2026-04-29 11:24:53, MOVE, v:1, k:ed@lista_d1, mode:EDIT
2026-04-29 11:24:53, MOVE, v:1, k:ed@lista_d1, mode:EDIT
2026-04-29 11:24:53, MOVE, v:1, k:ed@lista_d1, mode:EDIT
2026-04-29 11:25:53, MOVE, v:1, k:ed@lista_d1, mode:EDIT
2026-04-29 11:34:46, MOVE, v:1, k:ed@lista_d1, mode:EDIT
2026-04-29 11:39:48, MOVE, v:1, k:ed@lista_d1, mode:EDIT
2026-04-29 11:44:38, MOVE, v:1, k:ed@lista_d1, mode:EDIT
2026-04-29 11:48:51, MOVE, v:1, k:ed@lista_d1, mode:EDIT
2026-04-29 11:49:19, MOVE, v:1, k:ed@lista_d1, mode:EDIT
2026-04-29 11:57:59, MOVE, v:1, k:ed@lista_d1, mode:PICK
2026-04-29 11:58:03, EXEC, v:1, k:ed@lista_d1, mode:FULL, rate:14, size:94
2026-04-29 11:59:26, MOVE, v:1, k:ed@lista_d1, mode:EDIT
2026-04-29 11:58:03, MOVE, v:1, k:ed@lista_d1, mode:EDIT
2026-04-29 12:02:58, EXEC, v:1, k:ed@lista_d1, mode:FULL, rate:14, size:98
2026-04-29 12:04:36, MOVE, v:1, k:ed@lista_d1, mode:EDIT
2026-04-29 12:02:58, MOVE, v:1, k:ed@lista_d1, mode:EDIT
2026-04-29 12:06:05, EXEC, v:1, k:ed@lista_d1, mode:FULL, rate:14, size:118
2026-04-29 12:06:25, EXEC, v:1, k:ed@lista_d1, mode:FULL, rate:57, size:118
2026-04-29 12:09:46, MOVE, v:1, k:ed@lista_d1, mode:EDIT
2026-04-29 12:06:25, MOVE, v:1, k:ed@lista_d1, mode:EDIT
2026-04-29 12:10:48, EXEC, v:1, k:ed@lista_d1, mode:FULL, rate:85, size:126
2026-04-29 12:13:11, EXEC, v:1, k:ed@lista_d1, mode:FULL, rate:100, size:132
2026-04-29 12:14:24, MOVE, v:1, k:ed@lista_d1, mode:BACK
2026-04-29 12:14:30, MOVE, v:1, k:ed@lista_d1, mode:PICK
2026-04-29 12:14:31, EXEC, v:1, k:ed@lista_d1, mode:FULL, rate:100
2026-04-29 12:14:37, MOVE, v:1, k:ed@lista_d1, mode:BACK
2026-04-29 12:13:58, MOVE, v:1, k:ed@lista_d1, mode:EDIT
2026-04-29 12:14:31, MOVE, v:1, k:ed@lista_d1, mode:EDIT
2026-04-29 12:15:27, SELF, v:1, k:ed@lista_d1, self:1, rate:100, study:45, concept:1
2026-04-29 12:16:00, SELF, v:1, k:ed@lista_d1, self:1, rate:100, concept:1
2026-04-29 12:17:58, MOVE, v:1, k:ed@lista_d2, mode:DOWN
2026-04-29 12:17:58, MOVE, v:1, k:ed@lista_d2, mode:EDIT
2026-04-29 12:17:58, MOVE, v:1, k:ed@lista_d2, mode:EDIT
2026-04-29 12:17:58, MOVE, v:1, k:ed@lista_d2, mode:EDIT
2026-04-29 12:17:58, MOVE, v:1, k:ed@lista_d2, mode:EDIT
2026-04-29 12:25:28, MOVE, v:1, k:ed@lista_d2, mode:PICK
2026-04-29 12:25:29, EXEC, v:1, k:ed@lista_d2, mode:FULL, rate:0, size:123
2026-04-29 12:25:25, MOVE, v:1, k:ed@lista_d2, mode:EDIT
2026-04-29 12:25:29, MOVE, v:1, k:ed@lista_d2, mode:EDIT
2026-04-29 12:26:25, EXEC, v:1, k:ed@lista_d2, mode:FULL, rate:0, size:127
