2026-06-06 12:37:59, MOVE, v:1, k:ed@prin_list2, mode:DOWN
2026-06-06 12:39:11, MOVE, v:1, k:ed@prin_list2, mode:PICK
2026-06-06 12:39:15, EXEC, v:1, k:ed@prin_list2, mode:FULL, rate:0, size:46
2026-06-06 12:37:59, MOVE, v:1, k:ed@prin_list2, mode:EDIT
2026-06-06 12:37:59, MOVE, v:1, k:ed@prin_list2, mode:EDIT
2026-06-06 12:37:59, MOVE, v:1, k:ed@prin_list2, mode:EDIT
2026-06-06 12:39:15, MOVE, v:1, k:ed@prin_list2, mode:EDIT
2026-06-06 12:41:02, MOVE, v:1, k:ed@prin_list2, mode:BACK
2026-06-06 12:41:26, MOVE, v:1, k:ed@prin_list2, mode:PICK
2026-06-06 12:49:07, EXEC, v:1, k:ed@prin_list2, mode:FULL, rate:0, size:57
2026-06-06 12:49:02, MOVE, v:1, k:ed@prin_list2, mode:EDIT
2026-06-06 12:49:07, MOVE, v:1, k:ed@prin_list2, mode:EDIT
2026-06-06 12:51:01, EXEC, v:1, k:ed@prin_list2, mode:FULL, rate:0, size:63
2026-06-06 12:53:27, EXEC, v:1, k:ed@prin_list2, mode:FULL, rate:0, size:62
2026-06-06 12:53:22, MOVE, v:1, k:ed@prin_list2, mode:EDIT
2026-06-06 12:53:27, MOVE, v:1, k:ed@prin_list2, mode:EDIT
2026-06-06 12:57:55, EXEC, v:1, k:ed@prin_list2, mode:FULL, rate:0, size:65
2026-06-06 12:57:52, MOVE, v:1, k:ed@prin_list2, mode:EDIT
2026-06-06 12:57:55, MOVE, v:1, k:ed@prin_list2, mode:EDIT
2026-06-06 13:00:24, EXEC, v:1, k:ed@prin_list2, mode:FULL, rate:0, size:65
2026-06-06 13:03:07, EXEC, v:1, k:ed@prin_list2, mode:FULL, rate:0, size:62
2026-06-06 13:03:29, MOVE, v:1, k:ed@prin_list2, mode:EDIT
2026-06-06 13:03:07, MOVE, v:1, k:ed@prin_list2, mode:EDIT
2026-06-06 13:09:06, MOVE, v:1, k:ed@prin_list2, mode:EDIT
2026-06-06 13:09:29, EXEC, v:1, k:ed@prin_list2, mode:FULL, rate:100, size:70
2026-06-06 13:11:38, MOVE, v:1, k:ed@prin_list2, mode:BACK
2026-06-06 13:12:05, SELF, v:1, k:ed@prin_list2, self:1, rate:100, study:33, concept:1, problem:1
2026-06-06 13:13:45, MOVE, v:1, k:ed@permutacoes, mode:DOWN
2026-06-06 13:09:29, MOVE, v:1, k:ed@prin_list2, mode:EDIT
2026-06-06 13:13:45, MOVE, v:1, k:ed@permutacoes, mode:EDIT
2026-06-06 13:13:45, MOVE, v:1, k:ed@permutacoes, mode:EDIT
2026-06-06 13:14:28, MOVE, v:1, k:ed@permutacoes, mode:EDIT
2026-06-06 13:29:12, MOVE, v:1, k:ed@permutacoes, mode:PICK
2026-06-06 13:28:58, MOVE, v:1, k:ed@permutacoes, mode:EDIT
2026-06-06 13:31:05, EXEC, v:1, k:ed@permutacoes, mode:FULL, size:17, fail:COMP
2026-06-06 13:32:45, EXEC, v:1, k:ed@permutacoes, mode:FULL, size:21, fail:COMP
2026-06-06 13:33:02, EXEC, v:1, k:ed@permutacoes, mode:FULL, rate:0, size:21
