2026-05-19 18:40:53, SELF, v:1, k:ed@editorint, self:1, rate:100, study:140, concept:1, refactor:1
2026-05-19 18:41:44, MOVE, v:1, k:ed@cercado, mode:DOWN
2026-05-19 18:41:44, MOVE, v:1, k:ed@cercado, mode:EDIT
2026-05-19 18:41:44, MOVE, v:1, k:ed@cercado, mode:EDIT
2026-05-19 18:42:52, MOVE, v:1, k:ed@cercado, mode:EDIT
2026-05-19 18:55:17, MOVE, v:1, k:ed@cercado, mode:EDIT
2026-05-19 18:58:22, MOVE, v:1, k:ed@cercado, mode:PICK
2026-05-19 18:58:24, EXEC, v:1, k:ed@cercado, mode:FULL, rate:33, size:44
2026-05-19 18:57:50, MOVE, v:1, k:ed@cercado, mode:EDIT
2026-05-19 18:58:24, MOVE, v:1, k:ed@cercado, mode:EDIT
2026-05-19 19:15:25, MOVE, v:1, k:ed@cercado, mode:EDIT
2026-05-19 19:15:42, EXEC, v:1, k:ed@cercado, mode:FULL, rate:33, size:55
2026-05-19 19:17:41, EXEC, v:1, k:ed@cercado, mode:FULL, rate:100, size:66
2026-05-19 19:18:30, MOVE, v:1, k:ed@cercado, mode:BACK
2026-05-19 19:19:14, SELF, v:1, k:ed@cercado, self:1, rate:100, study:36, concept:1, refactor:1
2026-05-19 19:21:06, SELF, v:1, k:ed@editorint, self:1, rate:100, study:140, concept:1, refactor:1
2026-05-19 19:23:31, MOVE, v:1, k:ed@pintura, mode:DOWN
2026-05-19 19:23:40, MOVE, v:1, k:ed@pintura, mode:PICK
2026-05-19 19:23:31, MOVE, v:1, k:ed@pintura, mode:EDIT
2026-05-19 19:23:31, MOVE, v:1, k:ed@pintura, mode:EDIT
2026-05-19 19:23:31, MOVE, v:1, k:ed@pintura, mode:EDIT
2026-05-19 19:39:11, EXEC, v:1, k:ed@pintura, mode:FULL, size:72, fail:COMP
2026-05-19 19:40:14, EXEC, v:1, k:ed@pintura, mode:FULL, size:72, fail:COMP
2026-05-19 19:40:29, MOVE, v:1, k:ed@pintura, mode:EDIT
2026-05-19 19:43:07, MOVE, v:1, k:ed@pintura, mode:EDIT
2026-05-19 19:48:33, EXEC, v:1, k:ed@pintura, mode:FULL, rate:100, size:76
2026-05-19 19:49:34, MOVE, v:1, k:ed@pintura, mode:BACK
2026-05-19 19:51:12, SELF, v:1, k:ed@pintura, self:1, rate:100, study:26, concept:1, refactor:1
2026-05-19 19:51:12, MOVE, v:1, k:ed@pintura, mode:PICK
2026-05-19 19:51:20, MOVE, v:1, k:ed@pintura, mode:BACK
