2026-06-12 16:45:55, MOVE, v:1, k:ed@serial, mode:DOWN
2026-06-12 16:47:53, MOVE, v:1, k:ed@serial, mode:PICK
2026-06-12 16:47:56, EXEC, v:1, k:ed@serial, mode:FULL, rate:0, size:65
2026-06-12 16:45:55, MOVE, v:1, k:ed@serial, mode:EDIT
2026-06-12 16:45:55, MOVE, v:1, k:ed@serial, mode:EDIT
2026-06-12 16:45:55, MOVE, v:1, k:ed@serial, mode:EDIT
2026-06-12 16:45:55, MOVE, v:1, k:ed@serial, mode:EDIT
2026-06-12 16:47:55, MOVE, v:1, k:ed@serial, mode:EDIT
2026-06-12 16:56:00, MOVE, v:1, k:ed@serial, mode:EDIT
2026-06-12 17:04:05, MOVE, v:1, k:ed@serial, mode:EDIT
2026-06-12 17:04:22, EXEC, v:1, k:ed@serial, mode:FULL, rate:14, size:74
2026-06-12 17:05:07, EXEC, v:1, k:ed@serial, mode:FULL, rate:14, size:74
2026-06-12 17:05:00, MOVE, v:1, k:ed@serial, mode:EDIT
2026-06-12 17:05:07, MOVE, v:1, k:ed@serial, mode:EDIT
2026-06-12 17:09:39, EXEC, v:1, k:ed@serial, mode:FULL, rate:100, size:76
2026-06-12 17:10:05, MOVE, v:1, k:ed@serial, mode:BACK
2026-06-12 17:10:49, SELF, v:1, k:ed@serial, self:1, rate:100, study:25, concept:1, problem:1, refactor:1
2026-06-12 17:13:57, MOVE, v:1, k:ed@formatada, mode:DOWN
2026-06-12 17:09:33, MOVE, v:1, k:ed@serial, mode:EDIT
2026-06-12 17:09:39, MOVE, v:1, k:ed@serial, mode:EDIT
2026-06-12 17:13:57, MOVE, v:1, k:ed@formatada, mode:EDIT
2026-06-12 17:13:57, MOVE, v:1, k:ed@formatada, mode:EDIT
2026-06-12 17:13:57, MOVE, v:1, k:ed@formatada, mode:EDIT
2026-06-12 17:13:57, MOVE, v:1, k:ed@formatada, mode:EDIT
